// Jest Snapshot v1, https://goo.gl/fbAQLP

exports[`composeAvatarSVG() merges avatar accessories into single SVG doc 1`] = `
<svg
  viewBox="0 0 380 600"
  xmlns="http://www.w3.org/2000/svg"
>
  <style>
    /* accessory-a */
.accessory-a-baz{stroke:orange;}.accessory-a-boz{stroke:blue;}
/* accessory-b */
.accessory-b-foo{stroke:red;}.accessory-b-boz{stroke:blue;}
/* customisation styles */
.color-xxx{fill:red}.color-yyy{fill:#aabbcc}.color-zzz{fill:#111111}
  </style>
  <g
    id="avatar"
  >
    <g
      id="accessory-a"
    >
      <rect
        class="accessory-a-baz accessory-a-boz"
        height="16"
        width="15"
      />
      <defs />
      <g>
        <circle
          class="foo accessory-a-baz accessory-a-boz color-yyy"
          cx="15"
          cy="16"
          r="11"
        />
      </g>
      <circle
        class="accessory-a-baz"
        cx="12"
        cy="13"
        r="14"
      />
    </g>
    <g
      id="accessory-b"
    >
      <rect
        class="accessory-b-foo bar baz color-xxx"
        height="6"
        width="5"
      />
      <defs />
      <g>
        <circle
          class="bar color-yyy"
          cx="5"
          cy="6"
          r="1"
        />
      </g>
      <circle
        class="accessory-b-foo"
        cx="2"
        cy="3"
        r="4"
      />
    </g>
  </g>
</svg>
`;

exports[`prepareAccessorySVG() extracts and namespaces SVG elements and CSS 2`] = `
<g
  id="example"
>
  <g
    class="example-foo"
  >
    <rect
      class="example-foo example-bar example-baz color-boz"
      height="6"
      width="5"
    />
    <defs>
      <circle
        class=""
        cx="0"
        cy="0"
        r="2"
      />
      <circle
        class="color-boz"
        cx="5"
        cy="6"
        r="1"
      />
      <circle
        class="example-foo"
        cx="2"
        cy="3"
        r="4"
      />
    </defs>
  </g>
</g>
`;
